// Jest Snapshot v1, https://goo.gl/fbAQLP

exports[`renders correctly 1`] = `
<RNCSafeAreaView
  edges={
    Array [
      "top",
      "left",
      "right",
    ]
  }
  style={
    Object {
      "flex": 1,
    }
  }
>
  <View
    headerTitle=""
    style={
      Array [
        Object {
          "backgroundColor": "#F9FAFC",
          "flex": 1,
          "paddingBottom": 40,
          "paddingTop": 32,
        },
        undefined,
        undefined,
      ]
    }
  >
    <RCTScrollView
      contentContainerStyle={
        Array [
          undefined,
          undefined,
        ]
      }
      style={
        Array [
          Object {
            "backgroundColor": "#F9FAFC",
            "flex": 1,
          },
          undefined,
          undefined,
        ]
      }
    >
      <View>
        <View
          style={
            Object {
              "minHeight": 700,
            }
          }
        >
          <View
            style={
              Object {
                "alignSelf": "center",
                "borderRadius": 8,
                "height": 270,
                "overflow": "hidden",
                "width": 675,
              }
            }
          >
            <Image
              source={
                Object {
                  "uri": "",
                }
              }
              style={
                Object {
                  "height": "100%",
                  "width": "100%",
                }
              }
            />
          </View>
          <View
            style={
              Object {
                "alignSelf": "center",
                "height": 40,
                "marginTop": 16,
                "width": 675,
              }
            }
          >
            <Text
              mode="regularSub12"
              style={
                Array [
                  Array [
                    Object {
                      "fontFamily": "Dana-Regular",
                      "fontSize": 12,
                    },
                    Object {
                      "color": "#676773",
                      "textAlign": "right",
                    },
                  ],
                ]
              }
            >
              
            </Text>
          </View>
          <View
            style={
              Object {
                "alignItems": "center",
                "justifyContent": "flex-start",
                "marginTop": 30,
              }
            }
          >
            <View
              style={
                Object {
                  "backgroundColor": "white",
                  "borderRadius": 8,
                  "flexDirection": "row-reverse",
                  "height": 72,
                  "marginVertical": 10,
                  "overflow": "hidden",
                  "width": 675,
                }
              }
            >
              <View
                style={
                  Object {
                    "alignItems": "flex-end",
                    "flex": 4,
                    "justifyContent": "center",
                    "paddingRight": 24,
                  }
                }
              >
                <Text
                  mode="mediumBody16"
                  style={
                    Array [
                      Array [
                        Object {
                          "fontFamily": "Dana-Medium",
                          "fontSize": 16,
                        },
                        undefined,
                      ],
                    ]
                  }
                >
                  
                </Text>
                <Text
                  mode="regularSub12"
                  style={
                    Array [
                      Array [
                        Object {
                          "fontFamily": "Dana-Regular",
                          "fontSize": 12,
                        },
                        undefined,
                      ],
                    ]
                  }
                >
                  ۰ دقیقه
                </Text>
              </View>
              <View
                style={
                  Object {
                    "alignItems": "center",
                    "flex": 1,
                    "justifyContent": "center",
                  }
                }
              >
                <Image
                  fadeDuration={0}
                  resizeMode="contain"
                  source={1}
                  style={
                    Object {
                      "height": 40,
                      "width": 40,
                    }
                  }
                />
              </View>
              <RNGestureHandlerButton
                activeOpacity={0.105}
                collapsable={false}
                handlerTag={1}
                handlerType="NativeViewGestureHandler"
                onActiveStateChange={[Function]}
                onGestureEvent={[Function]}
                onGestureHandlerEvent={[Function]}
                onGestureHandlerStateChange={[Function]}
                onHandlerStateChange={[Function]}
                onPress={[Function]}
                rippleColor={4293586420}
                style={
                  Object {
                    "bottom": 0,
                    "left": 0,
                    "position": "absolute",
                    "right": 0,
                    "top": 0,
                  }
                }
                underlayColor="black"
              >
                <View
                  style={
                    Object {
                      "backgroundColor": "black",
                      "borderBottomLeftRadius": undefined,
                      "borderBottomRightRadius": undefined,
                      "borderRadius": undefined,
                      "borderTopLeftRadius": undefined,
                      "borderTopRightRadius": undefined,
                      "bottom": 0,
                      "left": 0,
                      "opacity": 0,
                      "position": "absolute",
                      "right": 0,
                      "top": 0,
                    }
                  }
                />
              </RNGestureHandlerButton>
            </View>
          </View>
        </View>
      </View>
    </RCTScrollView>
  </View>
</RNCSafeAreaView>
`;
