// Jest Snapshot v1, https://goo.gl/fbAQLP

exports[`renders correctly 1`] = `
<RNCSafeAreaView
  edges={
    Array [
      "top",
      "left",
      "right",
    ]
  }
  style={
    Object {
      "flex": 1,
    }
  }
>
  <View
    style={
      Array [
        Object {
          "backgroundColor": "#F9FAFC",
          "flex": 1,
          "paddingBottom": 40,
          "paddingTop": 32,
        },
        undefined,
        undefined,
      ]
    }
  >
    <View
      style={
        Object {
          "flex": 1,
          "right": 24,
        }
      }
    >
      <Text
        mode="boldBody16"
        style={
          Array [
            Array [
              Object {
                "fontFamily": "Dana-Bold",
                "fontSize": 16,
              },
              Object {
                "textAlign": "right",
              },
            ],
          ]
        }
      >
        موسیقی
      </Text>
    </View>
    <View
      style={
        Object {
          "alignItems": "center",
          "flex": 10,
        }
      }
    >
      <View
        style={
          Object {
            "backgroundColor": "white",
            "borderRadius": 8,
            "flexDirection": "row-reverse",
            "height": 102,
            "marginVertical": 10,
            "overflow": "hidden",
            "width": 675,
          }
        }
      >
        <View
          style={
            Object {
              "alignItems": "center",
              "flex": 2,
              "justifyContent": "center",
            }
          }
        >
          <Image
            source={
              Object {
                "uri": "",
              }
            }
            style={
              Object {
                "alignItems": "center",
                "borderRadius": 8,
                "height": 70,
                "justifyContent": "center",
                "width": 70,
              }
            }
          />
        </View>
        <View
          style={
            Object {
              "flex": 5,
            }
          }
        >
          <View
            style={
              Object {
                "flex": 1,
                "justifyContent": "flex-end",
              }
            }
          >
            <Text
              mode="boldBody16"
              style={
                Array [
                  Array [
                    Object {
                      "fontFamily": "Dana-Bold",
                      "fontSize": 16,
                    },
                    Object {
                      "textAlign": "right",
                    },
                  ],
                ]
              }
            >
              
            </Text>
          </View>
          <View
            style={
              Object {
                "flex": 1,
                "justifyContent": "center",
              }
            }
          >
            <Text
              mode="regularSub12"
              style={
                Array [
                  Array [
                    Object {
                      "fontFamily": "Dana-Regular",
                      "fontSize": 12,
                    },
                    Object {
                      "color": "#676773",
                      "textAlign": "right",
                    },
                  ],
                ]
              }
            >
              ۰ موسیقی
            </Text>
          </View>
        </View>
        <View
          style={
            Object {
              "alignItems": "center",
              "flex": 1,
              "justifyContent": "center",
            }
          }
        >
          <Image
            collapsable={false}
            handlerTag={1}
            handlerType="TapGestureHandler"
            onGestureHandlerEvent={[Function]}
            onGestureHandlerStateChange={[Function]}
            resizeMode="contain"
            source={1}
            style={
              Object {
                "height": 24,
                "width": 24,
              }
            }
          />
        </View>
        <RNGestureHandlerButton
          activeOpacity={0.105}
          collapsable={false}
          handlerTag={2}
          handlerType="NativeViewGestureHandler"
          onActiveStateChange={[Function]}
          onGestureEvent={[Function]}
          onGestureHandlerEvent={[Function]}
          onGestureHandlerStateChange={[Function]}
          onHandlerStateChange={[Function]}
          onPress={[Function]}
          rippleColor={4292664800}
          style={
            Object {
              "bottom": 0,
              "left": 0,
              "position": "absolute",
              "right": 0,
              "top": 0,
            }
          }
          underlayColor="black"
        >
          <View
            style={
              Object {
                "backgroundColor": "black",
                "borderBottomLeftRadius": undefined,
                "borderBottomRightRadius": undefined,
                "borderRadius": undefined,
                "borderTopLeftRadius": undefined,
                "borderTopRightRadius": undefined,
                "bottom": 0,
                "left": 0,
                "opacity": 0,
                "position": "absolute",
                "right": 0,
                "top": 0,
              }
            }
          />
        </RNGestureHandlerButton>
      </View>
    </View>
  </View>
</RNCSafeAreaView>
`;
