// Jest Snapshot v1, https://goo.gl/fbAQLP

exports[`renders correctly 1`] = `
<RNCSafeAreaView
  edges={
    Array [
      "top",
      "left",
      "right",
    ]
  }
  style={
    Object {
      "flex": 1,
    }
  }
>
  <View
    style={
      Array [
        Object {
          "alignItems": "flex-end",
          "backgroundColor": "#F9FAFC",
          "flexDirection": "row-reverse",
          "height": 56,
          "justifyContent": "flex-start",
          "paddingLeft": 24,
          "width": "100%",
        },
        Object {
          "backgroundColor": "#200E32",
        },
      ]
    }
  >
    <RNGestureHandlerButton
      activeOpacity={0.3}
      borderless={true}
      collapsable={false}
      hitSlop={
        Object {
          "horizontal": 10,
          "vertical": 10,
        }
      }
      onActiveStateChange={[Function]}
      onGestureEvent={[Function]}
      onGestureHandlerEvent={[Function]}
      onGestureHandlerStateChange={[Function]}
      onHandlerStateChange={[Function]}
      onPress={[MockFunction]}
      rippleColor={1714763061}
      style={
        Object {
          "opacity": 1,
          "paddingBottom": 4,
        }
      }
    >
      <Image
        resizeMode="contain"
        source={1}
        style={
          Object {
            "height": 24,
            "width": 24,
          }
        }
      />
    </RNGestureHandlerButton>
    <Text
      mode="boldBody16"
      style={
        Array [
          Array [
            Object {
              "fontFamily": "Dana-Bold",
              "fontSize": 16,
            },
            Array [
              Object {
                "marginRight": 16,
              },
              Object {
                "color": "white",
              },
            ],
          ],
        ]
      }
    >
      قوانین دنج
    </Text>
  </View>
  <View
    backgroundColor="#200E32"
    headerTitle="قوانین دنج"
    headerTitleColor="white"
    style={
      Array [
        Object {
          "backgroundColor": "#F9FAFC",
          "flex": 1,
          "paddingBottom": 40,
          "paddingTop": 32,
        },
        Object {
          "backgroundColor": "#200E32",
        },
        undefined,
      ]
    }
  >
    <RCTScrollView
      contentContainerStyle={
        Array [
          undefined,
          Object {
            "backgroundColor": "#200E32",
          },
        ]
      }
      style={
        Array [
          Object {
            "backgroundColor": "#F9FAFC",
            "flex": 1,
          },
          undefined,
          undefined,
        ]
      }
    >
      <View>
        <View
          style={
            Object {
              "alignItems": "center",
              "alignSelf": "center",
              "minHeight": 600,
              "width": 675,
            }
          }
        >
          <Text
            mode="regularBody14"
            style={
              Array [
                Array [
                  Object {
                    "fontFamily": "Dana-Regular",
                    "fontSize": 14,
                  },
                  Object {
                    "color": "white",
                    "textAlign": "right",
                  },
                ],
              ]
            }
          >
            ماده ۱. این سیاست‌نامه حفظ حریم خصوصی برای محصول دنج ارائه شده توسط شرکت کاوشگران رادین فناور سلامت با نام تجاری کرفس است. دنج یک اپلیکیشن مدیتیشن است که با هدف آموزش و تسهیل در تمرین مدیتیشن در بین فارسی‌زبانان ایجاد شده است.
            
          
ماده ۲. قبل از استفاده از برنامه کاربران ملزم به ثبت‌نام می‌باشند. ثبت نام در دنج رایگان است. در قسمت ثبت‌نام اسم و شماره موبایل کاربر پرسیده می‌شود. اطلاعات دیگر از جمله سن و جنسیت از قسمت پروفایل در اپلیکیشن دنج قابل تکمیل شدن است. جمع‌آوری این اطلاعات به دنج اجازه می‌دهد تا دید دقیق‌تری نسبت به کاربران خود داشته باشد تا علاوه بر تعامل راحت‌تر، امکانات مناسب‌تری را برای‌ آن‌ها فراهم کند. دنج این اطلاعات را بدون اجازه‌ی کاربر با هیچ شخص ثالثی در میان نخواهد گذاشت.
            

ماده ۳. کاربر، مسئول حفظ و نگهداری سخت‌افزار کامپیوتر، تلفن‌ها و سایر ابزار ضروری برای دسترسی و استفاده از این سایت و تمام هزینه‌های مرتبط به آن بوده و دنج مسئول صدمات ناشی از ابزار کاربر نیست.

            
ماده ۴. دنج اقدامات امنیتی لازم و مناسبِ سخت‌افزاری و نرم‌افزاری را برای جلوگیری از دسترسی‌های غیرمجاز و افشاء یا تخریب اطلاعات شخصی کاربر انجام می‌دهد. دنج اجازه دسترسی به اطلاعات شخصی کاربران را به کارکنان این شرکت می‌دهد اما این افراد با تعهدات محرمانه مواجه هستند و در صورت تخطی از این تعهدات با پیگرد قانونی مواجه خواهند شد. همچنین مطالعات آماری در مورد جامعه‌ی کاربران دنج بدون استفاده از هویت‌ شخصی آن‌ها و کاملاً ناشناس انجام می‌شود.
            

ماده ۵. دنج ممکن است با شرکت‌ها، وبسایت‌ها یا اپلیکیشن‌های دیگر همکاری کند اما هیچ‌گونه مسئولیتی در برابر سیاست‌های حفظ حریم شخصی و کاربری آنها ندارد. در صورتی که تمایل دارید از طریق اپلیکیشن دنج به سایت‌ها یا اپلیکیشن‌های دیگر وارد شوید، برای اطلاع از سیاست‌های حفظ حریم خصوصی این مجموعه‌ها به وب‌سایت آنها مراجعه کنید.
            

ماده ۶. تنها افراد بالای ۱۸ سال حق انجام معامله (خرید) را در اپلیکیشن دنج دارند.
            

ماده ۷. محصول خریدنی در دنج اشتراک است که با تهیه آن کاربر به تمام محتوا و امکانات اپ دسترسی پیدا می‌کند.

            
ماده ۸. فرایند خرید در دنج به شرح زیر است:
انتخاب بسته‌ی اشتراکی مورد نظر
مشاهده‌ی پیش‌فاکتور
پرداخت از طریق درگاه اینترنتی
دریافت بسته‌ی اشتراکی
            

ماده ۹. اختلال در سرویس اینترنت یا هر دلیلی که باعث شود فرایند خرید به انجام نرسد باعث از بین رفتن حق کاربر نمی‌شود و در صورتی که مبلغی از حساب کاربر کسر شده باشد از طریق بانک به وی بازپرداخته خواهد شد.
            

ماده ۱۰. اطلاعات شخصی کاربران شامل نام، شماره‌ی تلفن و رمز عبور آنها نزد دنج محفوظ است و آن را به شخص یا شرکت دیگری واگذار نخواهد کرد.
            

ماده ۱۱. دنج بر مبنای قوانین جرايم رایانه‌ای متعهد می‌شود با استفاده از تمامی امکانات و منابع خود در جهت حفظ و حراست از اطلاعات شخصی کاربران اقدام نماید. بدیهی است که استفاده‌ی مداوم از برنامه به منزله‌ی تایید شرایط سیاست‌نامه‌ی حفظ حریم خصوصی دنج است.
            

ماده ۱۲. دنج تعهدی در موثر بودن مدیتیشن برای کاربران ندارد. کیفیت اجرای تمرین، پیوسته بودن تمرین و ویژگی‌های شخصی می‌تواند نتایج را تحت تاثیر قرار دهد.
            
ماده ۱۳. در صورت داشتن هرگونه ابهام، سوالات خود را به یکی از روش‌های زیر با ما در میان بگذارید:

پشتیبانی: 02191006901

ایمیل دنج : app.denj@gmail.com

آدرس: تهران، میدان ونک، خیابان برزیل، خیابان شمس لاهیجانی، بن‌بست ۱۲، پلاک 
          </Text>
        </View>
      </View>
    </RCTScrollView>
  </View>
</RNCSafeAreaView>
`;
